[widgets.commoninja.com/iframe/4ef24394-2e6e-4cf3-9fc5-b1226c5558d9.html]
[backblue.gif]
[fade.gif]
[index.html]
[screenshots.commoninja.com/screenshots/4ef24394-2e6e-4cf3-9fc5-b1226c5558d9_code_snippets.jpg]
[static.parastorage.com/services/js-sdk/1.537.0/js/wix.min.js]
[www.commoninja.com/apps/_next/static/chunks/polyfills-c67a75d1b6f99dc8.js]
[www.commoninja.com/apps/_next/static/chunks/d37017dc.ad8245c374934fe9.js]
[www.commoninja.com/apps/_next/static/chunks/608ef6ec.edf8bd865f083dc0.js]
[www.commoninja.com/apps/_next/static/chunks/2205b8f2.dec87226e1ef55cc.js]
[www.commoninja.com/apps/_next/static/chunks/d5881a0d.dabe5fced8d78e60.js]
[www.commoninja.com/apps/_next/static/chunks/3fc9ba37.841de563f394869b.js]
[www.commoninja.com/apps/_next/static/chunks/83f4fd82.8cc240d168448597.js]
[www.commoninja.com/apps/_next/static/chunks/90663-20a0224263d11bcd.js]
[www.commoninja.com/apps/_next/static/chunks/95982.7efb5f3a0dbf197f.js]
[www.commoninja.com/apps/_next/static/chunks/40655.fdda7510c6b8b56d.js]
[www.commoninja.com/apps/_next/static/chunks/44037.42c600b3b891762e.js]
[www.commoninja.com/apps/_next/static/chunks/73388.96b063a4649f4d73.js]
[www.commoninja.com/apps/_next/static/chunks/91020.f6246d0c64951de7.js]
[www.commoninja.com/apps/_next/static/chunks/60755.ac0e41ea7c0dca85.js]
[www.commoninja.com/apps/_next/static/chunks/21570.46a4b0a9ca74845e.js]
[www.commoninja.com/apps/_next/static/chunks/86659.d27077e7a108e40d.js]
[www.commoninja.com/apps/_next/static/chunks/22659-36ec6c89b2b51416.js]
[www.commoninja.com/apps/_next/static/chunks/95890.9012ebada8d8e8f2.js]
[www.commoninja.com/apps/_next/static/chunks/44979.7fbb0aaa3060a197.js]
[www.commoninja.com/apps/_next/static/chunks/17718.ad29c3e0953f1d2b.js]
[www.commoninja.com/apps/_next/static/chunks/58100.e1e6b7bade7ca919.js]
[www.commoninja.com/apps/_next/static/chunks/58926.b112592d9f3b49a2.js]
[www.commoninja.com/apps/_next/static/chunks/27034.a15b651cc99b92e1.js]
[www.commoninja.com/apps/_next/static/chunks/4032.828ab9eba292d420.js]
[www.commoninja.com/apps/_next/static/chunks/43599.10c2c4ccc1c0ec75.js]
[www.commoninja.com/apps/_next/static/chunks/webpack-e6c1ab86b02d2693.js]
[www.commoninja.com/apps/_next/static/chunks/framework-6561525190218be8.js]
[www.commoninja.com/apps/_next/static/chunks/main-29f68c38e3feefa2.js]
[www.commoninja.com/apps/_next/static/chunks/pages/_app-13e2ac95e88b4ad5.js]
[www.commoninja.com/apps/_next/static/chunks/93560-b56fcae54a2e0198.js]
[www.commoninja.com/apps/_next/static/chunks/63764-86f9bc4016f8dde0.js]
[www.commoninja.com/apps/_next/static/chunks/78609-b6b72633593208f5.js]
[www.commoninja.com/apps/_next/static/chunks/51603-489753837a3fa395.js]
[www.commoninja.com/apps/_next/static/chunks/34750-6738e374872a6a5b.js]
[www.commoninja.com/apps/_next/static/chunks/pages/iframe/[...pathname]-4c5a13f444c6b851.js]
[www.commoninja.com/apps/_next/static/JOm36z1GoOIY_d7n402YS/_buildManifest.js]
[www.commoninja.com/apps/_next/static/JOm36z1GoOIY_d7n402YS/_ssgManifest.js]
[widgets.commoninja.com/iframe/4ef24394-2e6e-4cf3-9fc5-b1226c5558d9.html]
[www.googletagmanager.com/gtm5445.html]
[widgets.commoninja.com/cdn-cgi/challenge-platform/h/g/scripts/jsd/ec4b873d446c/maind41d.js]
